2026-07-26 01:17:22,932 [INFO] ============================================================
2026-07-26 01:17:22,933 [INFO] Sleeping Alts Screener v3 запущен
2026-07-26 01:17:22,933 [INFO] Расписание: ежедневно в 09:00
2026-07-26 01:17:22,933 [INFO] Папка отчётов: ./reports
2026-07-26 01:17:22,933 [INFO] Форматы: html, csv, json, markdown, txt
2026-07-26 01:17:22,933 [INFO] Email: отключён
2026-07-26 01:17:22,933 [INFO] ============================================================
2026-07-26 01:17:22,933 [INFO] Запуск немедленного сканирования (run_on_start=True)
2026-07-26 01:17:22,933 [INFO] ============================================================
2026-07-26 01:17:22,933 [INFO] Начало сканирования
2026-07-26 01:17:22,933 [INFO] ============================================================
2026-07-26 01:17:23,906 [INFO] Binance: найдено 529 perpetual символов
2026-07-26 01:18:37,508 [INFO] Прогресс: 20/515
2026-07-26 01:19:51,265 [INFO] Прогресс: 40/515
2026-07-26 01:21:05,564 [INFO] Прогресс: 60/515
2026-07-26 01:22:20,178 [INFO] Прогресс: 80/515
2026-07-26 01:23:33,321 [INFO] Прогресс: 100/515
2026-07-26 01:25:05,610 [INFO] Прогресс: 120/515
2026-07-26 01:26:23,091 [INFO] Прогресс: 140/515
2026-07-26 01:27:38,705 [INFO] Прогресс: 160/515
2026-07-26 01:28:55,993 [INFO] Прогресс: 180/515
2026-07-26 01:30:13,601 [INFO] Прогресс: 200/515
2026-07-26 01:31:28,409 [INFO] Прогресс: 220/515
2026-07-26 01:32:43,701 [INFO] Прогресс: 240/515
2026-07-26 01:33:59,300 [INFO] Прогресс: 260/515
2026-07-26 01:35:14,274 [INFO] Прогресс: 280/515
2026-07-26 01:36:32,291 [INFO] Прогресс: 300/515
2026-07-26 01:37:46,217 [INFO] Прогресс: 320/515
2026-07-26 01:39:00,392 [INFO] Прогресс: 340/515
2026-07-26 01:40:16,826 [INFO] Прогресс: 360/515
2026-07-26 01:41:29,486 [INFO] Прогресс: 380/515
2026-07-26 01:42:43,945 [INFO] Прогресс: 400/515
2026-07-26 01:43:57,916 [INFO] Прогресс: 420/515
2026-07-26 01:45:14,031 [INFO] Прогресс: 440/515
2026-07-26 01:46:28,193 [INFO] Прогресс: 460/515
2026-07-26 01:47:39,627 [INFO] Прогресс: 480/515
2026-07-26 01:48:53,073 [INFO] Прогресс: 500/515
2026-07-26 01:49:22,759 [INFO] Сканирование заняло 1920 сек
2026-07-26 01:49:22,760 [INFO] Найдено кандидатов: 154, отправляем TOP-15
2026-07-26 01:49:22,807 [INFO] HTML сохранён: reports/2026-07-26/scan_014922.html
2026-07-26 01:49:22,807 [INFO] CSV сохранён: reports/2026-07-26/scan_014922.csv
2026-07-26 01:49:22,807 [INFO] JSON сохранён: reports/2026-07-26/scan_014922.json
2026-07-26 01:49:22,807 [INFO] MARKDOWN сохранён: reports/2026-07-26/scan_014922.md
2026-07-26 01:49:22,807 [INFO] TXT сохранён: reports/2026-07-26/scan_014922.txt
2026-07-26 01:49:22,813 [INFO] Сканирование завершено
2026-07-26 01:49:22,816 [INFO] Ожидание запланированного времени (09:00)...
2026-07-26 02:31:04,105 [INFO] Screener v5.0 запущен
2026-07-26 02:31:04,106 [INFO] ============================================================
2026-07-26 02:31:04,106 [INFO] Запуск скрининга v5.0 (финализированная методология)
2026-07-26 02:31:04,106 [INFO] ============================================================
2026-07-26 02:31:05,054 [INFO] Найдено 529 символов
2026-07-26 02:31:05,055 [INFO] К обработке: 515 символов
2026-07-26 02:38:34,793 [INFO] Прогресс: 25/515
2026-07-26 02:39:49,622 [INFO] Прогресс: 50/515
2026-07-26 02:40:45,862 [INFO] Прогресс: 75/515
2026-07-26 02:41:40,214 [INFO] Прогресс: 100/515
2026-07-26 02:42:29,887 [INFO] Прогресс: 125/515
2026-07-26 02:43:13,915 [INFO] Прогресс: 150/515
2026-07-26 02:43:45,134 [INFO] Прогресс: 175/515
2026-07-26 02:44:34,465 [INFO] Прогресс: 200/515
2026-07-26 02:44:59,928 [INFO] Прогресс: 225/515
2026-07-26 02:45:38,083 [INFO] Прогресс: 250/515
2026-07-26 02:46:07,210 [INFO] Прогресс: 275/515
2026-07-26 02:46:39,240 [INFO] Прогресс: 300/515
2026-07-26 02:47:21,549 [INFO] Прогресс: 325/515
2026-07-26 02:48:02,128 [INFO] Прогресс: 350/515
2026-07-26 02:48:59,439 [INFO] Прогресс: 375/515
2026-07-26 02:49:48,770 [INFO] Прогресс: 400/515
2026-07-26 02:50:58,957 [INFO] Прогресс: 425/515
2026-07-26 02:51:55,305 [INFO] Прогресс: 450/515
2026-07-26 02:52:26,787 [INFO] Прогресс: 475/515
2026-07-26 02:53:00,510 [INFO] Прогресс: 500/515
2026-07-26 02:53:13,785 [INFO] Кандидатов после фильтрации: 30
2026-07-26 02:53:13,812 [INFO] Отчёты сохранены: ['screener_20260726_0253.csv', 'screener_20260726_0253.json', 'screener_20260726_0253.md', 'screener_20260726_0253.txt', 'screener_20260726_0253.html']
2026-07-26 02:53:13,813 [INFO] Задача завершена
2026-07-26 02:53:13,814 [INFO] Планировщик: ежедневно в 09:00
2026-07-26 03:10:21,874 [INFO] Screener v5.2 запущен
2026-07-26 03:10:36,676 [INFO] ============================================================
2026-07-26 03:10:36,677 [INFO] Запуск скрининга v5.2
2026-07-26 03:10:36,677 [INFO] ============================================================
2026-07-26 03:10:37,092 [INFO] Найдено 529 символов
2026-07-26 03:10:37,094 [INFO] К обработке: 515
2026-07-26 03:12:01,351 [INFO] Прогресс: 25/515
2026-07-26 03:13:38,835 [INFO] Прогресс: 50/515
2026-07-26 03:15:11,688 [INFO] Прогресс: 75/515
2026-07-26 03:16:49,092 [INFO] Прогресс: 100/515
2026-07-26 03:18:26,972 [INFO] Прогресс: 125/515
2026-07-26 03:19:51,160 [INFO] Прогресс: 150/515
2026-07-26 03:20:24,574 [WARNING] ACEUSDT REJECTED: drop 99.5% out of range
2026-07-26 03:21:05,810 [INFO] Прогресс: 175/515
2026-07-26 03:22:27,634 [INFO] Прогресс: 200/515
2026-07-26 03:23:59,501 [INFO] Прогресс: 225/515
2026-07-26 03:25:25,009 [INFO] Прогресс: 250/515
2026-07-26 03:26:54,248 [INFO] Прогресс: 275/515
2026-07-26 03:28:21,354 [INFO] Прогресс: 300/515
2026-07-26 03:29:02,830 [WARNING] BANKUSDT REJECTED: drop 8.5% out of range
2026-07-26 03:29:39,205 [INFO] Прогресс: 325/515
2026-07-26 03:31:06,482 [WARNING] MYXUSDT REJECTED: drop 99.6% out of range
2026-07-26 03:31:06,485 [INFO] Прогресс: 350/515
2026-07-26 03:32:38,412 [INFO] Прогресс: 375/515
2026-07-26 03:34:02,229 [INFO] Прогресс: 400/515
2026-07-26 03:35:32,430 [INFO] Прогресс: 425/515
2026-07-26 03:36:14,971 [WARNING] LABUSDT REJECTED: drop 99.4% out of range
2026-07-26 03:36:58,672 [INFO] Прогресс: 450/515
2026-07-26 03:41:04,165 [INFO] Прогресс: 475/515
2026-07-26 03:42:39,134 [INFO] Прогресс: 500/515
2026-07-26 03:43:08,349 [INFO] Кандидатов: 40
2026-07-26 03:43:08,367 [INFO] Отчёты: ['screener_20260726_0343.csv', 'screener_20260726_0343.json', 'screener_20260726_0343.md', 'screener_20260726_0343.txt', 'screener_20260726_0343.html']
2026-07-26 03:43:08,368 [INFO] Задача завершена
2026-07-26 03:43:08,369 [INFO] Планировщик: ежедневно в 09:00
2026-07-26 03:48:49,078 [INFO] Screener v5.2 запущен
2026-07-26 03:49:52,889 [INFO] ============================================================
2026-07-26 03:49:52,891 [INFO] Запуск скрининга v5.2
2026-07-26 03:49:52,892 [INFO] ============================================================
2026-07-26 03:49:53,329 [INFO] Найдено 529 символов
2026-07-26 03:49:53,332 [INFO] К обработке: 515
2026-07-26 03:52:56,024 [INFO] Screener v5.2 запущен
2026-07-26 03:53:46,527 [INFO] Screener v5.2 запущен
2026-07-26 03:54:20,405 [INFO] Screener v5.2 запущен
2026-07-26 03:56:34,454 [INFO] Screener v5.2 запущен
2026-07-26 03:56:50,077 [INFO] ============================================================
2026-07-26 03:56:50,078 [INFO] Запуск скрининга v5.2
2026-07-26 03:56:50,078 [INFO] ============================================================
2026-07-26 03:56:50,521 [INFO] Найдено 529 символов
2026-07-26 03:56:50,522 [INFO] К обработке: 515
2026-07-26 03:58:10,975 [INFO] Screener v5.2 запущен
2026-07-26 03:58:40,827 [INFO] ============================================================
2026-07-26 03:58:40,828 [INFO] Запуск скрининга v5.2
2026-07-26 03:58:40,828 [INFO] ============================================================
2026-07-26 03:58:41,339 [INFO] Найдено 529 символов
2026-07-26 03:58:41,345 [INFO] К обработке: 515
2026-07-26 04:01:08,198 [INFO] Прогресс: 25/515
2026-07-26 04:02:48,892 [INFO] Прогресс: 50/515
2026-07-26 04:04:17,848 [INFO] Прогресс: 75/515
2026-07-26 04:05:56,894 [INFO] Прогресс: 100/515
2026-07-26 04:07:32,864 [INFO] Прогресс: 125/515
2026-07-26 04:09:05,884 [INFO] Прогресс: 150/515
2026-07-26 04:10:20,423 [INFO] Sleeping Alts Screener запущен
2026-07-26 04:10:20,423 [INFO] Расписание: ежедневно в 09:00
2026-07-26 04:10:38,153 [INFO] Прогресс: 175/515
2026-07-26 04:11:16,297 [INFO] ============================================================
2026-07-26 04:11:16,298 [INFO] Sleeping Alts Screener v3 запущен
2026-07-26 04:11:16,298 [INFO] Расписание: ежедневно в 09:00
2026-07-26 04:11:16,298 [INFO] Папка отчётов: ./reports
2026-07-26 04:11:16,298 [INFO] Форматы: html, csv, json, markdown, txt
2026-07-26 04:11:16,298 [INFO] Email: отключён
2026-07-26 04:11:16,298 [INFO] ============================================================
2026-07-26 04:11:16,298 [INFO] Запуск немедленного сканирования (run_on_start=True)
2026-07-26 04:11:16,298 [INFO] ============================================================
2026-07-26 04:11:16,298 [INFO] Начало сканирования
2026-07-26 04:11:16,298 [INFO] ============================================================
2026-07-26 04:11:17,233 [INFO] Binance: найдено 529 perpetual символов
2026-07-26 04:12:08,148 [INFO] Прогресс: 20/515
2026-07-26 04:12:12,998 [INFO] Прогресс: 200/515
2026-07-26 04:13:01,913 [INFO] Прогресс: 40/515
2026-07-26 04:13:41,628 [INFO] Прогресс: 225/515
2026-07-26 04:14:02,173 [INFO] Прогресс: 60/515
2026-07-26 04:14:59,748 [INFO] Прогресс: 80/515
2026-07-26 04:15:20,750 [INFO] Прогресс: 250/515
2026-07-26 04:16:00,110 [INFO] Прогресс: 100/515
2026-07-26 04:17:43,388 [INFO] Прогресс: 120/515
2026-07-26 04:17:58,620 [INFO] Прогресс: 275/515
2026-07-26 04:19:29,428 [INFO] Прогресс: 140/515
2026-07-26 04:20:27,168 [INFO] Прогресс: 300/515
2026-07-26 04:20:42,113 [INFO] Прогресс: 160/515
2026-07-26 04:21:34,634 [WARNING] BANKUSDT REJECTED: drop 5.9% out of range
2026-07-26 04:22:08,892 [INFO] Прогресс: 180/515
2026-07-26 04:22:16,239 [INFO] Прогресс: 325/515
2026-07-26 04:23:08,701 [INFO] Прогресс: 200/515
2026-07-26 04:23:47,331 [INFO] Прогресс: 350/515
2026-07-26 04:24:07,290 [INFO] Прогресс: 220/515
2026-07-26 04:24:59,423 [INFO] Прогресс: 240/515
2026-07-26 04:25:14,926 [INFO] Прогресс: 375/515
2026-07-26 04:25:53,806 [INFO] Прогресс: 260/515
2026-07-26 04:26:40,313 [INFO] Прогресс: 400/515
2026-07-26 04:26:45,527 [INFO] Прогресс: 280/515
2026-07-26 04:27:38,995 [INFO] Прогресс: 300/515
2026-07-26 04:28:09,378 [INFO] Прогресс: 425/515
2026-07-26 04:28:42,008 [INFO] Прогресс: 320/515
2026-07-26 04:30:02,388 [INFO] Прогресс: 340/515
2026-07-26 04:30:29,237 [INFO] Прогресс: 450/515
2026-07-26 04:44:32,488 [INFO] Прогресс: 360/515
2026-07-26 04:45:06,860 [INFO] Прогресс: 475/515
2026-07-26 04:45:36,218 [INFO] Прогресс: 380/515
2026-07-26 04:46:44,733 [INFO] Прогресс: 400/515
2026-07-26 04:46:58,993 [INFO] Прогресс: 500/515
2026-07-26 04:47:32,413 [INFO] Кандидатов: 40
2026-07-26 04:47:32,435 [INFO] Отчёты: ['screener_20260726_0447.csv', 'screener_20260726_0447.json', 'screener_20260726_0447.md', 'screener_20260726_0447.txt', 'screener_20260726_0447.html']
2026-07-26 04:47:32,436 [INFO] Задача завершена
2026-07-26 04:47:32,437 [INFO] Планировщик: ежедневно в 09:00
2026-07-26 04:47:52,448 [INFO] Прогресс: 420/515
2026-07-26 04:49:21,846 [INFO] Прогресс: 440/515
2026-07-26 04:50:13,650 [INFO] Прогресс: 460/515
2026-07-26 04:51:44,408 [INFO] Прогресс: 480/515
2026-07-26 05:05:37,728 [INFO] Прогресс: 500/515
2026-07-26 05:08:55,526 [INFO] Сканирование заняло 3459 сек
2026-07-26 05:08:55,527 [INFO] Найдено кандидатов: 152, отправляем TOP-15
2026-07-26 05:08:55,545 [INFO] HTML сохранён: reports/2026-07-26/scan_050855.html
2026-07-26 05:08:55,545 [INFO] CSV сохранён: reports/2026-07-26/scan_050855.csv
2026-07-26 05:08:55,545 [INFO] JSON сохранён: reports/2026-07-26/scan_050855.json
2026-07-26 05:08:55,545 [INFO] MARKDOWN сохранён: reports/2026-07-26/scan_050855.md
2026-07-26 05:08:55,545 [INFO] TXT сохранён: reports/2026-07-26/scan_050855.txt
2026-07-26 05:08:55,547 [INFO] Сканирование завершено
2026-07-26 05:08:55,547 [INFO] Ожидание запланированного времени (09:00)...
2026-07-26 06:08:08,575 [INFO] Screener v5.2 запущен
2026-07-26 06:08:24,342 [INFO] ============================================================
2026-07-26 06:08:24,343 [INFO] Запуск скрининга v5.2
2026-07-26 06:08:24,343 [INFO] ============================================================
2026-07-26 06:08:24,960 [INFO] Найдено 529 символов
2026-07-26 06:08:24,961 [INFO] К обработке: 515
2026-07-26 06:09:41,029 [INFO] Прогресс: 25/515
2026-07-26 06:11:08,505 [INFO] Прогресс: 50/515
2026-07-26 06:12:28,423 [INFO] Прогресс: 75/515
2026-07-26 06:13:54,896 [INFO] Прогресс: 100/515
2026-07-26 06:15:21,587 [INFO] Прогресс: 125/515
2026-07-26 06:16:41,746 [INFO] Прогресс: 150/515
2026-07-26 06:17:50,203 [INFO] Прогресс: 175/515
2026-07-26 06:19:05,659 [INFO] Прогресс: 200/515
2026-07-26 06:20:23,031 [INFO] Прогресс: 225/515
2026-07-26 06:21:33,349 [INFO] Прогресс: 250/515
2026-07-26 06:22:46,150 [INFO] Прогресс: 275/515
2026-07-26 06:24:03,652 [INFO] Прогресс: 300/515
2026-07-26 06:24:40,580 [WARNING] BANKUSDT REJECTED: drop 4.6% out of range
2026-07-26 06:25:12,567 [INFO] Прогресс: 325/515
2026-07-26 06:26:24,379 [INFO] Прогресс: 350/515
2026-07-26 06:27:43,687 [INFO] Прогресс: 375/515
2026-07-26 06:29:01,314 [INFO] Прогресс: 400/515
2026-07-26 06:30:24,103 [INFO] Прогресс: 425/515
2026-07-26 06:31:41,205 [INFO] Прогресс: 450/515
2026-07-26 06:32:52,969 [INFO] Прогресс: 475/515
2026-07-26 06:34:08,915 [INFO] Прогресс: 500/515
2026-07-26 06:34:39,959 [INFO] Кандидатов: 40
2026-07-26 06:34:39,985 [INFO] Отчёты: ['screener_20260726_0634.csv', 'screener_20260726_0634.json', 'screener_20260726_0634.md', 'screener_20260726_0634.txt', 'screener_20260726_0634.html']
2026-07-26 06:34:39,991 [INFO] Задача завершена
2026-07-26 06:34:39,992 [INFO] Планировщик: ежедневно в 09:00
2026-07-26 06:46:27,087 [INFO] Screener v5.2 запущен
2026-07-26 06:46:42,322 [INFO] ============================================================
2026-07-26 06:46:42,324 [INFO] Запуск скрининга v5.2
2026-07-26 06:46:42,324 [INFO] ============================================================
2026-07-26 06:46:42,727 [INFO] Найдено 529 символов
2026-07-26 06:46:42,728 [INFO] К обработке: 515
2026-07-26 06:48:00,121 [INFO] Прогресс: 25/515
2026-07-26 06:49:25,910 [INFO] Прогресс: 50/515
2026-07-26 06:50:45,989 [INFO] Прогресс: 75/515
2026-07-26 06:54:45,788 [INFO] ============================================================
2026-07-26 06:54:45,789 [INFO] Screening v6.0 START
2026-07-26 06:54:45,789 [INFO] ============================================================
2026-07-26 06:54:46,198 [INFO] Найдено 529 символов
2026-07-26 06:54:46,199 [INFO] К обработке: 515
2026-07-26 06:56:10,735 [INFO] Прогресс: 25/515
2026-07-26 06:57:38,318 [INFO] Прогресс: 50/515
2026-07-26 06:59:09,507 [INFO] Прогресс: 75/515
2026-07-26 07:00:41,054 [INFO] Прогресс: 100/515
2026-07-26 07:02:13,426 [INFO] Прогресс: 125/515
2026-07-26 07:03:33,921 [INFO] Прогресс: 150/515
2026-07-26 07:04:54,343 [INFO] Прогресс: 175/515
2026-07-26 07:06:17,872 [INFO] Прогресс: 200/515
2026-07-26 07:06:21,088 [WARNING] SYNUSDT REJECTED (historical): base 3d < 60d
2026-07-26 07:07:39,821 [INFO] Прогресс: 225/515
2026-07-26 07:09:04,793 [INFO] Прогресс: 250/515
2026-07-26 07:09:31,868 [WARNING] DEXEUSDT REJECTED (historical): ATH был всего 14d назад (< 90)
2026-07-26 07:10:28,299 [INFO] Прогресс: 275/515
2026-07-26 07:11:51,335 [INFO] Прогресс: 300/515
2026-07-26 07:13:14,262 [INFO] Прогресс: 325/515
2026-07-26 07:14:24,792 [WARNING] TAIKOUSDT REJECTED (historical): base 9d < 60d
2026-07-26 07:14:37,350 [INFO] Прогресс: 350/515
2026-07-26 07:16:02,236 [INFO] Прогресс: 375/515
2026-07-26 07:16:41,475 [WARNING] BASUSDT REJECTED (historical): base 3d < 60d
2026-07-26 07:17:24,276 [INFO] Прогресс: 400/515
2026-07-26 07:18:45,962 [INFO] Прогресс: 425/515
2026-07-26 07:20:07,508 [INFO] Прогресс: 450/515
2026-07-26 07:21:28,145 [INFO] Прогресс: 475/515
2026-07-26 07:22:49,380 [INFO] Прогресс: 500/515
2026-07-26 07:23:34,612 [INFO] Кандидатов: 21
2026-07-26 07:23:34,628 [INFO] Отчёты сохранены: [PosixPath('reports/screener_v6_20260726_065445.html'), PosixPath('reports/screener_v6_20260726_065445.csv'), PosixPath('reports/screener_v6_20260726_065445.json'), PosixPath('reports/screener_v6_20260726_065445.md'), PosixPath('reports/screener_v6_20260726_065445.txt')]
2026-07-26 07:23:34,629 [INFO] Планировщик активен, ежедневно в 09:00
2026-07-26 07:27:27,755 [INFO] Остановлено пользователем
2026-07-26 07:44:34,011 [INFO] ============================================================
2026-07-26 07:44:34,012 [INFO] Screening START
2026-07-26 07:44:34,012 [INFO] ============================================================
2026-07-26 07:44:34,448 [INFO] Найдено 529 символов
2026-07-26 07:44:34,451 [INFO] К обработке: 515
2026-07-26 07:44:48,605 [INFO] Прогресс: 25/515
2026-07-26 07:45:04,030 [INFO] Прогресс: 50/515
2026-07-26 07:45:14,109 [INFO] Прогресс: 75/515
2026-07-26 07:45:37,323 [INFO] Прогресс: 100/515
2026-07-26 07:45:51,686 [INFO] Прогресс: 125/515
2026-07-26 07:46:15,796 [INFO] Прогресс: 150/515
2026-07-26 07:46:35,777 [INFO] Прогресс: 175/515
2026-07-26 07:46:50,444 [INFO] Прогресс: 200/515
2026-07-26 07:47:11,175 [INFO] Прогресс: 225/515
2026-07-26 07:47:39,456 [INFO] Прогресс: 250/515
2026-07-26 07:47:48,074 [INFO] Прогресс: 275/515
2026-07-26 07:48:14,179 [INFO] Прогресс: 300/515
2026-07-26 07:48:25,993 [INFO] Прогресс: 325/515
2026-07-26 07:48:51,968 [INFO] Прогресс: 350/515
2026-07-26 07:49:23,058 [INFO] Прогресс: 375/515
2026-07-26 07:50:00,021 [INFO] Прогресс: 400/515
2026-07-26 07:50:36,633 [INFO] Прогресс: 425/515
2026-07-26 07:51:22,040 [INFO] Прогресс: 450/515
2026-07-26 07:51:47,109 [INFO] Прогресс: 475/515
2026-07-26 07:52:27,848 [INFO] Прогресс: 500/515
2026-07-26 07:52:47,210 [INFO] Кандидатов: 40
2026-07-26 07:52:47,231 [INFO] Отчёты сохранены: [PosixPath('reports/screener_20260726_074434.html'), PosixPath('reports/screener_20260726_074434.csv'), PosixPath('reports/screener_20260726_074434.json'), PosixPath('reports/screener_20260726_074434.md'), PosixPath('reports/screener_20260726_074434.txt')]
2026-07-26 07:52:47,232 [INFO] Планировщик активен, ежедневно в 09:00
2026-07-26 09:00:18,360 [INFO] ============================================================
2026-07-26 09:00:18,361 [INFO] Screening START
2026-07-26 09:00:18,361 [INFO] ============================================================
2026-07-26 09:00:19,077 [INFO] Найдено 529 символов
2026-07-26 09:00:19,078 [INFO] К обработке: 515
2026-07-26 09:00:35,291 [INFO] Прогресс: 25/515
2026-07-26 09:00:51,892 [INFO] Прогресс: 50/515
2026-07-26 09:01:02,917 [INFO] Прогресс: 75/515
2026-07-26 09:01:30,876 [INFO] Прогресс: 100/515
2026-07-26 09:01:50,805 [INFO] Прогресс: 125/515
2026-07-26 09:02:17,975 [INFO] Прогресс: 150/515
2026-07-26 09:02:42,376 [INFO] Прогресс: 175/515
2026-07-26 09:02:59,828 [INFO] Прогресс: 200/515
2026-07-26 09:03:23,091 [INFO] Прогресс: 225/515
2026-07-26 09:03:56,117 [INFO] Прогресс: 250/515
2026-07-26 09:04:06,740 [INFO] Прогресс: 275/515
2026-07-26 09:04:38,075 [INFO] Прогресс: 300/515
2026-07-26 09:04:51,650 [INFO] Прогресс: 325/515
2026-07-26 09:05:21,735 [INFO] Прогресс: 350/515
2026-07-26 09:05:57,696 [INFO] Прогресс: 375/515
2026-07-26 09:06:40,758 [INFO] Прогресс: 400/515
2026-07-26 09:07:23,200 [INFO] Прогресс: 425/515
2026-07-26 09:08:15,739 [INFO] Прогресс: 450/515
2026-07-26 09:08:46,216 [INFO] Прогресс: 475/515
2026-07-26 09:09:32,574 [INFO] Прогресс: 500/515
2026-07-26 09:09:59,113 [INFO] Кандидатов: 40
2026-07-26 09:09:59,133 [INFO] Отчёты сохранены: [PosixPath('reports/screener_20260726_090018.html'), PosixPath('reports/screener_20260726_090018.csv'), PosixPath('reports/screener_20260726_090018.json'), PosixPath('reports/screener_20260726_090018.md'), PosixPath('reports/screener_20260726_090018.txt')]
2026-07-26 13:48:44,301 [INFO] Остановлено пользователем
2026-07-26 13:49:07,700 [INFO] ============================================================
2026-07-26 13:49:07,700 [INFO] Screening START
2026-07-26 13:49:07,700 [INFO] ============================================================
2026-07-26 13:49:08,613 [INFO] Найдено 529 символов
2026-07-26 13:49:08,613 [INFO] К обработке: 515
2026-07-26 13:49:31,938 [INFO] Прогресс: 25/515
2026-07-26 13:50:01,944 [INFO] Прогресс: 50/515
2026-07-26 13:50:15,009 [INFO] Прогресс: 75/515
2026-07-26 13:50:49,222 [INFO] Прогресс: 100/515
2026-07-26 13:51:10,503 [INFO] Прогресс: 125/515
2026-07-26 13:51:46,730 [INFO] Прогресс: 150/515
2026-07-26 13:52:17,929 [INFO] Прогресс: 175/515
2026-07-26 13:52:39,966 [INFO] Прогресс: 200/515
2026-07-26 13:53:10,565 [INFO] Прогресс: 225/515
2026-07-26 13:53:49,513 [INFO] Прогресс: 250/515
2026-07-26 13:54:02,668 [INFO] Прогресс: 275/515
2026-07-26 13:54:37,764 [INFO] Прогресс: 300/515
2026-07-26 13:54:55,991 [INFO] Прогресс: 325/515
2026-07-26 13:55:35,451 [INFO] Прогресс: 350/515
2026-07-26 13:56:24,110 [INFO] Прогресс: 375/515
2026-07-26 13:57:19,229 [INFO] Прогресс: 400/515
2026-07-26 13:58:09,294 [INFO] Прогресс: 425/515
2026-07-26 13:59:13,862 [INFO] Прогресс: 450/515
2026-07-26 13:59:50,213 [INFO] Прогресс: 475/515
2026-07-26 14:00:42,050 [INFO] Прогресс: 500/515
2026-07-26 14:01:12,972 [INFO] Кандидатов: 40
2026-07-26 14:01:12,989 [INFO] Отчёты: [PosixPath('reports/screener_20260726_134907.html'), PosixPath('reports/screener_20260726_134907.csv'), PosixPath('reports/screener_20260726_134907.json'), PosixPath('reports/screener_20260726_134907.md'), PosixPath('reports/screener_20260726_134907.txt')]
2026-07-26 14:01:12,991 [INFO] Планировщик активен, ежедневно в 09:00
2026-07-26 14:04:39,030 [INFO] Остановлено пользователем
2026-07-26 14:22:11,928 [INFO] ============================================================
2026-07-26 14:22:11,928 [INFO] Screening START
2026-07-26 14:22:11,929 [INFO] ============================================================
2026-07-26 14:22:12,654 [INFO] Найдено 529 символов
2026-07-26 14:22:12,656 [INFO] К обработке: 515
2026-07-26 14:22:33,812 [INFO] Прогресс: 25/515
2026-07-26 14:22:54,369 [INFO] Прогресс: 50/515
2026-07-26 14:23:08,531 [INFO] Прогресс: 75/515
2026-07-26 14:23:47,409 [INFO] Прогресс: 100/515
2026-07-26 14:24:09,553 [INFO] Прогресс: 125/515
2026-07-26 14:24:41,211 [INFO] Прогресс: 150/515
2026-07-26 14:25:09,785 [INFO] Прогресс: 175/515
2026-07-26 14:25:32,279 [INFO] Прогресс: 200/515
2026-07-26 14:25:59,817 [INFO] Прогресс: 225/515
2026-07-26 14:26:42,161 [INFO] Прогресс: 250/515
2026-07-26 14:26:53,884 [INFO] Прогресс: 275/515
2026-07-26 14:27:27,926 [INFO] Прогресс: 300/515
2026-07-26 14:27:42,941 [INFO] Прогресс: 325/515
2026-07-26 14:28:17,704 [INFO] Прогресс: 350/515
2026-07-26 14:29:02,311 [INFO] Прогресс: 375/515
2026-07-26 14:29:52,099 [INFO] Прогресс: 400/515
2026-07-26 14:30:43,396 [INFO] Прогресс: 425/515
2026-07-26 14:31:46,038 [INFO] Прогресс: 450/515
2026-07-26 14:32:25,497 [INFO] Прогресс: 475/515
2026-07-26 14:33:25,562 [INFO] Прогресс: 500/515
2026-07-26 14:33:53,155 [INFO] Первичная оценка 105 монет...
2026-07-26 14:33:53,163 [INFO] Итого кандидатов: 40
2026-07-26 14:33:53,200 [INFO] Отчёты: [PosixPath('reports/screener_20260726_142211.html'), PosixPath('reports/screener_20260726_142211.csv'), PosixPath('reports/screener_20260726_142211.json'), PosixPath('reports/screener_20260726_142211.md'), PosixPath('reports/screener_20260726_142211.txt')]
2026-07-26 14:33:53,204 [INFO] Планировщик активен, ежедневно в 09:00
2026-07-26 18:45:32,436 [INFO] ============================================================
2026-07-26 18:45:32,437 [INFO] Screening START
2026-07-26 18:45:32,437 [INFO] ============================================================
2026-07-26 18:45:40,556 [INFO] Найдено 529 символов
2026-07-26 18:45:40,558 [INFO] К обработке: 515
2026-07-26 18:51:28,031 [INFO] ============================================================
2026-07-26 18:51:28,031 [INFO] Screening START
2026-07-26 18:51:28,031 [INFO] ============================================================
2026-07-26 18:51:36,404 [INFO] Найдено 529 символов
2026-07-26 18:51:36,407 [INFO] К обработке: 515
2026-07-26 19:01:40,383 [INFO] ============================================================
2026-07-26 19:01:40,383 [INFO] Screening START
2026-07-26 19:01:40,383 [INFO] ============================================================
2026-07-26 19:01:40,995 [INFO] Найдено 529 символов
2026-07-26 19:01:40,996 [INFO] К обработке: 515
2026-07-26 19:02:07,443 [INFO] Прогресс: 25/515
2026-07-26 19:02:39,022 [INFO] ============================================================
2026-07-26 19:02:39,022 [INFO] Screening START
2026-07-26 19:02:39,022 [INFO] ============================================================
2026-07-26 19:02:40,052 [INFO] Найдено 529 символов
2026-07-26 19:02:40,054 [INFO] К обработке: 515
2026-07-26 19:03:15,697 [INFO] Прогресс: 25/515
2026-07-26 19:03:59,812 [INFO] Прогресс: 50/515
2026-07-26 19:04:24,678 [INFO] Прогресс: 75/515
2026-07-26 19:05:17,284 [INFO] Прогресс: 100/515
2026-07-26 19:06:03,632 [INFO] Прогресс: 125/515
2026-07-26 19:06:58,213 [INFO] Прогресс: 150/515
2026-07-26 19:07:50,689 [INFO] Прогресс: 175/515
2026-07-26 19:08:24,995 [INFO] Прогресс: 200/515
2026-07-26 19:09:08,244 [INFO] Прогресс: 225/515
2026-07-26 19:10:07,683 [INFO] Прогресс: 250/515
2026-07-26 19:10:34,015 [INFO] Прогресс: 275/515
2026-07-26 19:11:32,112 [INFO] Прогресс: 300/515
2026-07-26 19:11:57,452 [INFO] Прогресс: 325/515
2026-07-26 19:12:49,381 [INFO] Прогресс: 350/515
2026-07-26 19:13:50,122 [INFO] Прогресс: 375/515
2026-07-26 19:15:02,797 [INFO] Прогресс: 400/515
2026-07-26 19:16:14,005 [INFO] Прогресс: 425/515
2026-07-26 19:17:42,492 [INFO] Прогресс: 450/515
2026-07-26 19:18:32,945 [INFO] Прогресс: 475/515
2026-07-26 19:19:51,876 [INFO] Прогресс: 500/515
2026-07-26 19:20:35,233 [INFO] Первичная оценка 106 монет...
2026-07-26 19:20:35,239 [INFO] Итого кандидатов: 40
